[backblue.gif]
[fade.gif]
[index.html]
[watracz.com/assets/favicon/apple-touch-icon-57x57.png]
[watracz.com/assets/favicon/apple-touch-icon-60x60.png]
[watracz.com/assets/favicon/apple-touch-icon-72x72.png]
[watracz.com/assets/favicon/apple-touch-icon-76x76.png]
[watracz.com/assets/favicon/apple-touch-icon-114x114.png]
[watracz.com/assets/favicon/apple-touch-icon-120x120.png]
[watracz.com/assets/favicon/apple-touch-icon-144x144.png]
[watracz.com/assets/favicon/apple-touch-icon-152x152.png]
[watracz.com/assets/favicon/apple-touch-icon-180x180.png]
[watracz.com/assets/favicon/favicon-32x32.png]
[watracz.com/assets/favicon/android-chrome-192x192.png]
[watracz.com/assets/favicon/favicon-16x16.png]
[watracz.com/assets/favicon/safari-pinned-tab.svg]
[watracz.com/assets/favicon/favicon.ico]
[watracz.com/assets/favicon/mstile-144x144.png]
[watracz.com/browserconfig.xml]
[watracz.com/assets/images/page-home.jpg]
[watracz.com/assets/fonts/webfonts4b63.css]
[watracz.com/css/build.min4b63.css]
[www.google.com/recaptcha/api9369.js]
[watracz.com/assets/loader/loader-home.jpg]
[watracz.com/about.html]
[watracz.com/contact.html]
[watracz.com/assets/images/bg_home_2.svg]
[watracz.com/project/basicux.html]
[watracz.com/images/tile_basicux.jpg]
[watracz.com/project/triniso.html]
[watracz.com/images/tile_triniso.jpg]
[watracz.com/project/symova.html]
[watracz.com/images/tile_symova.jpg]
[watracz.com/project/pmr.html]
[watracz.com/images/tile_pmr.jpg]
[watracz.com/project/sonicsmith.html]
[watracz.com/images/tile_sonicsmith.jpg]
[watracz.com/project/lessdoing.html]
[watracz.com/images/tile_lessdoing.jpg]
[watracz.com/project/iceland.html]
[watracz.com/images/tile_iceland.jpg]
[watracz.com/project/photography.html]
[watracz.com/images/tile_photography.jpg]
[watracz.com/project/pencildrawings.html]
[watracz.com/images/tile_pencildrawings.jpg]
[watracz.com/home]
[watracz.com/js/lib.min4b63.js]
[watracz.com/js/build.min4b63.js]
[watracz.com/assets/loader/loader-about.jpg]
[watracz.com/assets/loader/loader-contact.jpg]
[watracz.com/assets/loader/loader-triniso.jpg]
[watracz.com/assets/loader/loader-symova.jpg]
[watracz.com/assets/loader/loader-pmr.jpg]
[watracz.com/assets/loader/loader-sonicsmith.jpg]
[watracz.com/assets/loader/loader-photography.jpg]
[watracz.com/assets/loader/loader-drawings.jpg]
[watracz.com/assets/loader/loader-basicux.jpg]
[watracz.com/assets/loader/loader-iceland.jpg]
[watracz.com/assets/loader/loader-lessdoing.jpg]
[watracz.com/index.html]
[watracz.com/assets/favicon/apple-touch-icon-57x57.html]
[watracz.com/assets/favicon/apple-touch-icon-60x60.html]
[watracz.com/assets/favicon/apple-touch-icon-72x72.html]
[watracz.com/assets/favicon/apple-touch-icon-76x76.html]
[watracz.com/assets/favicon/apple-touch-icon-114x114.html]
[watracz.com/assets/favicon/apple-touch-icon-120x120.html]
[watracz.com/assets/favicon/apple-touch-icon-144x144.html]
[watracz.com/assets/favicon/apple-touch-icon-152x152.html]
[watracz.com/assets/favicon/apple-touch-icon-180x180.html]
[watracz.com/site.html]
[watracz.com/assets/favicon/safari-pinned-tab.svg]
[watracz.com/browserconfig.html]
[watracz.com/assets/fonts/webfonts/3AAC62_0_0.eot]
[watracz.com/assets/fonts/webfonts/3AAC62_0_0d41d.eot]
[watracz.com/assets/fonts/webfonts/3AAC62_0_0.woff2]
[watracz.com/assets/fonts/webfonts/3AAC62_0_0.woff]
[watracz.com/assets/fonts/webfonts/3AAC62_0_0.ttf]
[watracz.com/assets/fonts/webfonts/3AAC62_0_0.svg]
[watracz.com/assets/fonts/webfonts/3AAC62_1_0.eot]
[watracz.com/assets/fonts/webfonts/3AAC62_1_0d41d.eot]
[watracz.com/assets/fonts/webfonts/3AAC62_1_0.woff2]
[watracz.com/assets/fonts/webfonts/3AAC62_1_0.woff]
[watracz.com/assets/fonts/webfonts/3AAC62_1_0.ttf]
[watracz.com/assets/fonts/webfonts/3AAC62_1_0.svg]
[watracz.com/assets/fonts/webfonts/3AAC62_2_0.eot]
[watracz.com/assets/fonts/webfonts/3AAC62_2_0d41d.eot]
[watracz.com/assets/fonts/webfonts/3AAC62_2_0.woff2]
[watracz.com/assets/fonts/webfonts/3AAC62_2_0.woff]
[watracz.com/assets/fonts/webfonts/3AAC62_2_0.ttf]
[watracz.com/assets/fonts/webfonts/3AAC62_2_0.svg]
[watracz.com/assets/fonts/webfonts/3AAC62_3_0.eot]
[watracz.com/assets/fonts/webfonts/3AAC62_3_0d41d.eot]
[watracz.com/assets/fonts/webfonts/3AAC62_3_0.woff2]
[watracz.com/assets/fonts/webfonts/3AAC62_3_0.woff]
[watracz.com/assets/fonts/webfonts/3AAC62_3_0.ttf]
[watracz.com/assets/fonts/webfonts4b63.css]
[watracz.com/assets/fonts/webfonts/3AAC62_3_0.svg]
[watracz.com/assets/images/icon_select_gray.svg]
[watracz.com/assets/images/icon_select_gray-darkest.svg]
[watracz.com/assets/images/icon_notification_error.svg]
[watracz.com/assets/images/bg_home.png]
[watracz.com/assets/images/bg_home_@2x.png]
[watracz.com/assets/images/icon_instagram.svg]
[watracz.com/css/build.min4b63.css]
[watracz.com/assets/images/page-about.jpg]
[watracz.com/assets/images/loader-circle.svg]
[watracz.com/assets/images/logo_invision.svg]
[watracz.com/assets/images/logo_cloudtec.svg]
[watracz.com/assets/images/logo_b12.svg]
[watracz.com/assets/images/logo_pmr.svg]
[watracz.com/assets/images/logo_estimote.svg]
[watracz.com/assets/images/logo_pilot.svg]
[watracz.com/assets/images/logo_sonicsmith.svg]
[watracz.com/assets/images/logo_james_cook_media.svg]
[watracz.com/assets/images/logo_project_kazimierz.svg]
[watracz.com/assets/images/logo_tedx_kazimierz.svg]
[watracz.com/assets/images/logo_fitmo.svg]
[watracz.com/assets/images/logo_vordik.svg]
[watracz.com/assets/images/logo_open_drive.svg]
[watracz.com/assets/images/logo_line2.svg]
[watracz.com/assets/images/logo_liveanswer.svg]
[watracz.com/assets/images/logo_safetics.svg]
[watracz.com/assets/images/logo_realtor_pixels.svg]
[watracz.com/assets/images/logo_p_and_g.svg]
[watracz.com/assets/images/logo_betafirm.svg]
[watracz.com/assets/images/logo_vandelay_design.svg]
[watracz.com/about.html]
[watracz.com/assets/images/page-contact.jpg]
[watracz.com/contact.html]
[watracz.com/assets/images/bg_home_2.svg]
[watracz.com/images/basicux-01.jpg]
[watracz.com/images/basicux-02.jpg]
[watracz.com/images/basicux-03.png]
[watracz.com/images/basicux-04.jpg]
[watracz.com/images/basicux-video-01.png]
[watracz.com/videos/basicux-video-01.webm]
[watracz.com/videos/basicux-video-01.mp4]
[watracz.com/images/basicux-05.png]
[watracz.com/images/basicux-06.jpg]
[watracz.com/images/basicux-07.png]
[watracz.com/images/basicux-08.jpg]
[watracz.com/images/basicux-video-02.png]
[watracz.com/videos/basicux-video-02.webm]
[watracz.com/videos/basicux-video-02.mp4]
[watracz.com/images/basicux-09.png]
[watracz.com/images/basicux-10.png]
[watracz.com/images/basicux-11.png]
[watracz.com/images/basicux-12.jpg]
[watracz.com/images/basicux-video-03.jpg]
[watracz.com/videos/basicux-video-03.webm]
[watracz.com/videos/basicux-video-03.mp4]
[watracz.com/images/basicux-13.png]
[watracz.com/images/basicux-14.jpg]
[watracz.com/images/basicux-15.png]
[watracz.com/images/basicux-video-04.jpg]
[watracz.com/videos/basicux-video-04.webm]
[watracz.com/videos/basicux-video-04.mp4]
[watracz.com/images/basicux-16.png]
[watracz.com/images/basicux-17.jpg]
[watracz.com/images/basicux-18.png]
[watracz.com/images/basicux-video-05.jpg]
[watracz.com/videos/basicux-video-05.webm]
[watracz.com/videos/basicux-video-05.mp4]
[watracz.com/images/basicux-19.jpg]
[watracz.com/project/basicux.html]
[watracz.com/images/triniso-01.jpg]
[watracz.com/images/triniso-02.png]
[watracz.com/images/triniso-03.jpg]
[watracz.com/images/triniso-04.jpg]
[watracz.com/images/triniso-05.png]
[watracz.com/images/triniso-06.jpg]
[watracz.com/images/triniso-07.jpg]
[watracz.com/images/triniso-08.jpg]
[watracz.com/images/triniso-09.jpg]
[watracz.com/images/triniso-10.jpg]
[watracz.com/images/triniso-11.jpg]
[watracz.com/images/triniso-12.jpg]
[watracz.com/images/triniso-13.jpg]
[watracz.com/images/triniso-14.jpg]
[watracz.com/images/triniso-15.jpg]
[watracz.com/images/triniso-16.jpg]
[watracz.com/images/triniso-17.png]
[watracz.com/images/triniso-18.jpg]
[watracz.com/images/triniso-19.jpg]
[watracz.com/project/triniso.html]
[watracz.com/images/symova-01.jpg]
[watracz.com/images/symova-02.jpg]
[watracz.com/images/symova-14.jpg]
[watracz.com/images/symova-15.jpg]
[watracz.com/images/symova-16.jpg]
[watracz.com/images/symova-03.jpg]
[watracz.com/images/symova-04.jpg]
[watracz.com/images/symova-05.jpg]
[watracz.com/images/symova-06.jpg]
[watracz.com/images/symova-07.jpg]
[watracz.com/images/symova-08.jpg]
[watracz.com/images/symova-09.jpg]
[watracz.com/images/symova-10.png]
[watracz.com/images/symova-11.jpg]
[watracz.com/images/symova-12.jpg]
[watracz.com/images/symova-17.jpg]
[watracz.com/images/symova-13.jpg]
[watracz.com/project/symova.html]
[watracz.com/images/pmr-01.jpg]
[watracz.com/images/pmr-02.png]
[watracz.com/images/pmr-21.jpg]
[watracz.com/images/pmr-03.jpg]
[watracz.com/images/pmr-04.png]
[watracz.com/images/pmr-05.png]
[watracz.com/images/pmr-06.jpg]
[watracz.com/images/pmr-07.png]
[watracz.com/images/pmr-08.png]
[watracz.com/images/pmr-09.png]
[watracz.com/images/pmr-10.png]
[watracz.com/images/pmr-11.jpg]
[watracz.com/images/pmr-12.jpg]
[watracz.com/images/pmr-13.jpg]
[watracz.com/images/pmr-14.jpg]
[watracz.com/images/pmr-15.png]
[watracz.com/images/pmr-16.png]
[watracz.com/images/pmr-17.jpg]
[watracz.com/images/pmr-18.jpg]
[watracz.com/images/pmr-19.jpg]
[watracz.com/images/pmr-20.png]
[watracz.com/project/pmr.html]
[watracz.com/images/sonicsmith-01.jpg]
[watracz.com/images/sonicsmith-02.png]
[watracz.com/images/sonicsmith-03.jpg]
[watracz.com/images/sonicsmith-04.jpg]
[watracz.com/images/sonicsmith-05.jpg]
[watracz.com/images/sonicsmith-06.jpg]
[watracz.com/images/sonicsmith-07.png]
[watracz.com/images/sonicsmith-15.jpg]
[watracz.com/images/sonicsmith-08.jpg]
[watracz.com/images/sonicsmith-09.jpg]
[watracz.com/images/sonicsmith-10.jpg]
[watracz.com/images/sonicsmith-11.jpg]
[watracz.com/images/sonicsmith-12.jpg]
[watracz.com/images/sonicsmith-16.jpg]
[watracz.com/images/sonicsmith-13.jpg]
[watracz.com/images/sonicsmith-14.jpg]
[watracz.com/project/sonicsmith.html]
[watracz.com/images/lessdoing-01.jpg]
[watracz.com/images/lessdoing-02.png]
[watracz.com/images/lessdoing-03.jpg]
[watracz.com/images/lessdoing-04.jpg]
[watracz.com/images/lessdoing-05.jpg]
[watracz.com/images/lessdoing-06.jpg]
[watracz.com/images/lessdoing-07.png]
[watracz.com/images/lessdoing-08.jpg]
[watracz.com/images/lessdoing-09.jpg]
[watracz.com/images/lessdoing-10.png]
[watracz.com/images/lessdoing-11.jpg]
[watracz.com/images/lessdoing-12.jpg]
[watracz.com/images/lessdoing-13.jpg]
[watracz.com/images/lessdoing-14.jpg]
[watracz.com/images/lessdoing-15.png]
[watracz.com/images/lessdoing-16.jpg]
[watracz.com/images/lessdoing-17.png]
[watracz.com/images/lessdoing-19.jpg]
[watracz.com/images/lessdoing-18.jpg]
[watracz.com/project/lessdoing.html]
[watracz.com/images/iceland-01.jpg]
[watracz.com/images/iceland-7757.jpg]
[watracz.com/images/iceland-7822.jpg]
[watracz.com/images/iceland-7487.jpg]
[watracz.com/images/iceland-6955.jpg]
[watracz.com/images/iceland-7708.jpg]
[watracz.com/images/iceland-7065.jpg]
[watracz.com/images/iceland-0170.jpg]
[watracz.com/images/iceland-9400.jpg]
[watracz.com/images/iceland-9112.jpg]
[watracz.com/images/iceland-3416.jpg]
[watracz.com/images/iceland-3659.jpg]
[watracz.com/images/iceland-3764.jpg]
[watracz.com/images/iceland-9287.jpg]
[watracz.com/images/iceland-4165.jpg]
[watracz.com/images/iceland-4383.jpg]
[watracz.com/images/iceland-4965.jpg]
[watracz.com/images/iceland-4916.jpg]
[watracz.com/images/iceland-6424.jpg]
[watracz.com/images/iceland-6160.jpg]
[watracz.com/images/iceland-3677.jpg]
[watracz.com/images/iceland-3464.jpg]
[watracz.com/images/iceland-5977.jpg]
[watracz.com/images/iceland-0784.jpg]
[watracz.com/images/iceland-1281.jpg]
[watracz.com/images/iceland-0627.jpg]
[watracz.com/images/iceland-1085.jpg]
[watracz.com/images/iceland-0768.jpg]
[watracz.com/images/iceland-2441.jpg]
[watracz.com/images/iceland-2304.jpg]
[watracz.com/images/iceland-3141.jpg]
[watracz.com/images/iceland-2114.jpg]
[watracz.com/images/iceland-2832.jpg]
[watracz.com/images/iceland-2098.jpg]
[watracz.com/images/iceland-6767.jpg]
[watracz.com/images/iceland-6695.jpg]
[watracz.com/images/iceland-6799.jpg]
[watracz.com/images/iceland-6686.jpg]
[watracz.com/images/iceland-5777.jpg]
[watracz.com/images/iceland-1273.jpg]
[watracz.com/images/iceland-5328.jpg]
[watracz.com/images/iceland-6024.jpg]
[watracz.com/images/iceland-5803.jpg]
[watracz.com/images/iceland-5558.jpg]
[watracz.com/images/iceland-3906.jpg]
[watracz.com/images/iceland-4838.jpg]
[watracz.com/images/iceland-5791.jpg]
[watracz.com/project/iceland.html]
[watracz.com/images/photography-01.jpg]
[watracz.com/images/photography-img-3547.jpg]
[watracz.com/images/photography-img-0407.jpg]
[watracz.com/images/photography-img-0170.jpg]
[watracz.com/images/photography-img-3793.jpg]
[watracz.com/images/photography-img-1388.jpg]
[watracz.com/images/photography-img-3524.jpg]
[watracz.com/images/photography-img-3746.jpg]
[watracz.com/images/photography-img-3409.jpg]
[watracz.com/images/photography-img-1776.jpg]
[watracz.com/images/photography-img-3037.jpg]
[watracz.com/images/photography-img-2306.jpg]
[watracz.com/images/photography-img-2684.jpg]
[watracz.com/images/photography-img-1987.jpg]
[watracz.com/images/photography-img-7644.jpg]
[watracz.com/images/photography-img-6498.jpg]
[watracz.com/images/photography-img-1620.jpg]
[watracz.com/images/photography-img-0638.jpg]
[watracz.com/images/photography-img-1600.jpg]
[watracz.com/images/photography-img-1647.jpg]
[watracz.com/images/photography-img-1742.jpg]
[watracz.com/images/photography-img-3473.jpg]
[watracz.com/images/photography-img-0518.jpg]
[watracz.com/images/photography-img-6748.jpg]
[watracz.com/images/photography-img-9569.jpg]
[watracz.com/images/photography-img-9696.jpg]
[watracz.com/images/photography-img-9771.jpg]
[watracz.com/images/photography-img-3969.jpg]
[watracz.com/images/photography-img-2012.jpg]
[watracz.com/images/photography-img-0126.jpg]
[watracz.com/images/photography-img-3184.jpg]
[watracz.com/images/photography-img-2832.jpg]
[watracz.com/images/photography-img-2473.jpg]
[watracz.com/images/photography-img-8007.jpg]
[watracz.com/images/photography-img-8404.jpg]
[watracz.com/images/photography-img-9483.jpg]
[watracz.com/images/photography-img-6583.jpg]
[watracz.com/images/photography-img-9017.jpg]
[watracz.com/images/photography-img-8327.jpg]
[watracz.com/images/photography-img-8436.jpg]
[watracz.com/images/photography-img-8375.jpg]
[watracz.com/images/photography-img-6548.jpg]
[watracz.com/images/photography-img-5803.jpg]
[watracz.com/images/photography-img-3200.jpg]
[watracz.com/images/photography-img-2615.jpg]
[watracz.com/images/photography-img-2628.jpg]
[watracz.com/images/photography-img-2643.jpg]
[watracz.com/images/photography-img-2669.jpg]
[watracz.com/images/photography-img-2685.jpg]
[watracz.com/images/photography-img-2583.jpg]
[watracz.com/images/photography-img-2651.jpg]
[watracz.com/images/photography-img-2655.jpg]
[watracz.com/images/photography-img-8970.jpg]
[watracz.com/images/photography-img-8993.jpg]
[watracz.com/images/photography-img-8986.jpg]
[watracz.com/project/photography.html]
[watracz.com/images/drawing-01.jpg]
[watracz.com/images/drawing-gisele-bundchen.jpg]
[watracz.com/images/drawing-gisele-bundchen-01.jpg]
[watracz.com/images/drawing-gisele-bundchen-02.jpg]
[watracz.com/images/drawing-spock.jpg]
[watracz.com/images/drawing-spock-01.jpg]
[watracz.com/images/drawing-spock-02.jpg]
[watracz.com/images/drawing-megan-fox.jpg]
[watracz.com/images/drawing-megan-fox-01.jpg]
[watracz.com/images/drawing-megan-fox-02.jpg]
[watracz.com/images/drawing-audi-r8.jpg]
[watracz.com/images/drawing-audi-r8-01.jpg]
[watracz.com/images/drawing-audi-r8-02.jpg]
[watracz.com/images/drawing-ford-mustang.jpg]
[watracz.com/images/drawing-ford-mustang-01.jpg]
[watracz.com/images/drawing-ford-mustang-02.jpg]
[watracz.com/images/drawing-ducati-1098.jpg]
[watracz.com/images/drawing-ducati-1098-01.jpg]
[watracz.com/images/drawing-ducati-1098-02.jpg]
[watracz.com/images/drawing-bmw-m6.jpg]
[watracz.com/images/drawing-bmw-m6-01.jpg]
[watracz.com/images/drawing-bmw-m6-02.jpg]
[watracz.com/images/drawing-jesus-of-nazareth.jpg]
[watracz.com/images/drawing-jesus-of-nazareth-01.jpg]
[watracz.com/images/drawing-jesus-of-nazareth-02.jpg]
[watracz.com/project/pencildrawings.html]
[watracz.com/home.html]
[watracz.com/assets/fonts/webfonts/3AAC62_0_0.svg]
[watracz.com/assets/fonts/webfonts/3AAC62_1_0.svg]
[watracz.com/assets/fonts/webfonts/3AAC62_2_0.svg]
[watracz.com/assets/fonts/webfonts/3AAC62_3_0.svg]
[watracz.com/assets/images/icon_select_gray.svg]
[watracz.com/assets/images/icon_select_gray-darkest.html]
[watracz.com/assets/images/icon_notification_error.svg]
[watracz.com/assets/images/icon_instagram.svg]
[watracz.com/assets/images/loader-circle.svg]
[watracz.com/assets/images/logo_invision.svg]
[watracz.com/assets/images/logo_cloudtec.svg]
[watracz.com/assets/images/logo_b12.svg]
[watracz.com/assets/images/logo_pmr.svg]
[watracz.com/assets/images/logo_estimote.svg]
[watracz.com/assets/images/logo_pilot.svg]
[watracz.com/assets/images/logo_sonicsmith.svg]
[watracz.com/assets/images/logo_james_cook_media.svg]
[watracz.com/assets/images/logo_project_kazimierz.svg]
[watracz.com/assets/images/logo_tedx_kazimierz.svg]
[watracz.com/assets/images/logo_fitmo.svg]
[watracz.com/assets/images/logo_vordik.svg]
[watracz.com/assets/images/logo_open_drive.svg]
[watracz.com/assets/images/logo_line2.svg]
[watracz.com/assets/images/logo_liveanswer.svg]
[watracz.com/assets/images/logo_safetics.svg]
[watracz.com/assets/images/logo_realtor_pixels.svg]
[watracz.com/assets/images/logo_p_and_g.svg]
[watracz.com/assets/images/logo_betafirm.svg]
[watracz.com/assets/images/logo_vandelay_design.svg]
